// Jest Snapshot v1, https://goo.gl/fbAQLP

exports[`Nav component Matches snapshot 1`] = `
<DocumentFragment>
  <nav />
</DocumentFragment>
`;
